=== START at 2026-07-12 19:45:41.079348 ===
2026-07-12 19:45:45,152 - __main__ - INFO - Instance: pc — acquiring failover lock...
2026-07-12 19:45:47,349 - __main__ - INFO - Lock acquired — this instance is now active
2026-07-12 19:45:47,349 - __main__ - INFO - Probing Telegram for active polling connections...
2026-07-12 19:45:48,780 - httpx - INFO - HTTP Request: POST https://api.telegram.org/bot8804049129:AAES6e5ycuTrk4zbQN6punNT-bDBq7Lgj-k/getUpdates "HTTP/1.1 200 OK"
2026-07-12 19:45:48,781 - __main__ - INFO - No conflict detected, starting bot...
2026-07-12 19:45:49,143 - httpx - INFO - HTTP Request: POST https://api.telegram.org/bot8804049129:AAES6e5ycuTrk4zbQN6punNT-bDBq7Lgj-k/getMe "HTTP/1.1 200 OK"
2026-07-12 19:45:56,195 - __main__ - INFO - Database initialized successfully.
2026-07-12 19:45:56,195 - __main__ - INFO - Pulling data from PostgreSQL into local SQLite...
  Synced users: 41 rows
  Synced credit_templates: 3 rows
  Synced draft_menu_buttons: 145 rows
  Synced production_menu_buttons: 135 rows
2026-07-12 19:45:59,120 - __main__ - INFO - Sync complete
2026-07-12 19:45:59,120 - __main__ - INFO - Heartbeat task started
2026-07-12 19:45:59,120 - __main__ - INFO - Setting bot command autocomplete menu...
2026-07-12 19:45:59,461 - httpx - INFO - HTTP Request: POST https://api.telegram.org/bot8804049129:AAES6e5ycuTrk4zbQN6punNT-bDBq7Lgj-k/setMyCommands "HTTP/1.1 200 OK"
2026-07-12 19:45:59,462 - __main__ - INFO - Bot commands set successfully.
2026-07-12 19:45:59,572 - httpx - INFO - HTTP Request: POST https://api.telegram.org/bot8804049129:AAES6e5ycuTrk4zbQN6punNT-bDBq7Lgj-k/deleteWebhook "HTTP/1.1 200 OK"
2026-07-12 19:45:59,574 - telegram.ext.Application - INFO - Application started
2026-07-12 19:46:09,889 - httpx - INFO - HTTP Request: POST https://api.telegram.org/bot8804049129:AAES6e5ycuTrk4zbQN6punNT-bDBq7Lgj-k/getUpdates "HTTP/1.1 200 OK"
2026-07-12 19:46:19,991 - httpx - INFO - HTTP Request: POST https://api.telegram.org/bot8804049129:AAES6e5ycuTrk4zbQN6punNT-bDBq7Lgj-k/getUpdates "HTTP/1.1 200 OK"
2026-07-12 19:46:30,632 - httpx - INFO - HTTP Request: POST https://api.telegram.org/bot8804049129:AAES6e5ycuTrk4zbQN6punNT-bDBq7Lgj-k/getUpdates "HTTP/1.1 200 OK"
2026-07-12 19:46:40,741 - httpx - INFO - HTTP Request: POST https://api.telegram.org/bot8804049129:AAES6e5ycuTrk4zbQN6punNT-bDBq7Lgj-k/getUpdates "HTTP/1.1 200 OK"
2026-07-12 19:46:50,849 - httpx - INFO - HTTP Request: POST https://api.telegram.org/bot8804049129:AAES6e5ycuTrk4zbQN6punNT-bDBq7Lgj-k/getUpdates "HTTP/1.1 200 OK"
2026-07-12 19:47:00,953 - httpx - INFO - HTTP Request: POST https://api.telegram.org/bot8804049129:AAES6e5ycuTrk4zbQN6punNT-bDBq7Lgj-k/getUpdates "HTTP/1.1 200 OK"
2026-07-12 19:47:11,455 - httpx - INFO - HTTP Request: POST https://api.telegram.org/bot8804049129:AAES6e5ycuTrk4zbQN6punNT-bDBq7Lgj-k/getUpdates "HTTP/1.1 200 OK"
2026-07-12 19:47:21,558 - httpx - INFO - HTTP Request: POST https://api.telegram.org/bot8804049129:AAES6e5ycuTrk4zbQN6punNT-bDBq7Lgj-k/getUpdates "HTTP/1.1 200 OK"
2026-07-12 19:47:31,662 - httpx - INFO - HTTP Request: POST https://api.telegram.org/bot8804049129:AAES6e5ycuTrk4zbQN6punNT-bDBq7Lgj-k/getUpdates "HTTP/1.1 200 OK"
2026-07-12 19:47:41,771 - httpx - INFO - HTTP Request: POST https://api.telegram.org/bot8804049129:AAES6e5ycuTrk4zbQN6punNT-bDBq7Lgj-k/getUpdates "HTTP/1.1 200 OK"
2026-07-12 19:47:51,890 - httpx - INFO - HTTP Request: POST https://api.telegram.org/bot8804049129:AAES6e5ycuTrk4zbQN6punNT-bDBq7Lgj-k/getUpdates "HTTP/1.1 200 OK"
2026-07-12 19:48:02,018 - httpx - INFO - HTTP Request: POST https://api.telegram.org/bot8804049129:AAES6e5ycuTrk4zbQN6punNT-bDBq7Lgj-k/getUpdates "HTTP/1.1 200 OK"
2026-07-12 19:48:12,125 - httpx - INFO - HTTP Request: POST https://api.telegram.org/bot8804049129:AAES6e5ycuTrk4zbQN6punNT-bDBq7Lgj-k/getUpdates "HTTP/1.1 200 OK"
2026-07-12 19:48:22,228 - httpx - INFO - HTTP Request: POST https://api.telegram.org/bot8804049129:AAES6e5ycuTrk4zbQN6punNT-bDBq7Lgj-k/getUpdates "HTTP/1.1 200 OK"
2026-07-12 19:48:32,332 - httpx - INFO - HTTP Request: POST https://api.telegram.org/bot8804049129:AAES6e5ycuTrk4zbQN6punNT-bDBq7Lgj-k/getUpdates "HTTP/1.1 200 OK"
2026-07-12 19:48:42,482 - httpx - INFO - HTTP Request: POST https://api.telegram.org/bot8804049129:AAES6e5ycuTrk4zbQN6punNT-bDBq7Lgj-k/getUpdates "HTTP/1.1 200 OK"
2026-07-12 19:48:52,592 - httpx - INFO - HTTP Request: POST https://api.telegram.org/bot8804049129:AAES6e5ycuTrk4zbQN6punNT-bDBq7Lgj-k/getUpdates "HTTP/1.1 200 OK"
2026-07-12 19:49:02,695 - httpx - INFO - HTTP Request: POST https://api.telegram.org/bot8804049129:AAES6e5ycuTrk4zbQN6punNT-bDBq7Lgj-k/getUpdates "HTTP/1.1 200 OK"
2026-07-12 19:49:12,797 - httpx - INFO - HTTP Request: POST https://api.telegram.org/bot8804049129:AAES6e5ycuTrk4zbQN6punNT-bDBq7Lgj-k/getUpdates "HTTP/1.1 200 OK"
2026-07-12 19:49:22,900 - httpx - INFO - HTTP Request: POST https://api.telegram.org/bot8804049129:AAES6e5ycuTrk4zbQN6punNT-bDBq7Lgj-k/getUpdates "HTTP/1.1 200 OK"
2026-07-12 19:49:33,011 - httpx - INFO - HTTP Request: POST https://api.telegram.org/bot8804049129:AAES6e5ycuTrk4zbQN6punNT-bDBq7Lgj-k/getUpdates "HTTP/1.1 200 OK"
2026-07-12 19:49:43,116 - httpx - INFO - HTTP Request: POST https://api.telegram.org/bot8804049129:AAES6e5ycuTrk4zbQN6punNT-bDBq7Lgj-k/getUpdates "HTTP/1.1 200 OK"
2026-07-12 19:49:53,227 - httpx - INFO - HTTP Request: POST https://api.telegram.org/bot8804049129:AAES6e5ycuTrk4zbQN6punNT-bDBq7Lgj-k/getUpdates "HTTP/1.1 200 OK"
2026-07-12 19:50:03,345 - httpx - INFO - HTTP Request: POST https://api.telegram.org/bot8804049129:AAES6e5ycuTrk4zbQN6punNT-bDBq7Lgj-k/getUpdates "HTTP/1.1 200 OK"
2026-07-12 19:50:13,453 - httpx - INFO - HTTP Request: POST https://api.telegram.org/bot8804049129:AAES6e5ycuTrk4zbQN6punNT-bDBq7Lgj-k/getUpdates "HTTP/1.1 200 OK"
2026-07-12 19:50:23,559 - httpx - INFO - HTTP Request: POST https://api.telegram.org/bot8804049129:AAES6e5ycuTrk4zbQN6punNT-bDBq7Lgj-k/getUpdates "HTTP/1.1 200 OK"
2026-07-12 19:50:33,662 - httpx - INFO - HTTP Request: POST https://api.telegram.org/bot8804049129:AAES6e5ycuTrk4zbQN6punNT-bDBq7Lgj-k/getUpdates "HTTP/1.1 200 OK"
2026-07-12 19:50:44,307 - httpx - INFO - HTTP Request: POST https://api.telegram.org/bot8804049129:AAES6e5ycuTrk4zbQN6punNT-bDBq7Lgj-k/getUpdates "HTTP/1.1 200 OK"
2026-07-12 19:50:54,413 - httpx - INFO - HTTP Request: POST https://api.telegram.org/bot8804049129:AAES6e5ycuTrk4zbQN6punNT-bDBq7Lgj-k/getUpdates "HTTP/1.1 200 OK"
2026-07-12 19:51:04,521 - httpx - INFO - HTTP Request: POST https://api.telegram.org/bot8804049129:AAES6e5ycuTrk4zbQN6punNT-bDBq7Lgj-k/getUpdates "HTTP/1.1 200 OK"
2026-07-12 19:51:14,632 - httpx - INFO - HTTP Request: POST https://api.telegram.org/bot8804049129:AAES6e5ycuTrk4zbQN6punNT-bDBq7Lgj-k/getUpdates "HTTP/1.1 200 OK"
2026-07-12 19:51:24,737 - httpx - INFO - HTTP Request: POST https://api.telegram.org/bot8804049129:AAES6e5ycuTrk4zbQN6punNT-bDBq7Lgj-k/getUpdates "HTTP/1.1 200 OK"
2026-07-12 19:51:34,865 - httpx - INFO - HTTP Request: POST https://api.telegram.org/bot8804049129:AAES6e5ycuTrk4zbQN6punNT-bDBq7Lgj-k/getUpdates "HTTP/1.1 200 OK"
2026-07-12 19:51:44,984 - httpx - INFO - HTTP Request: POST https://api.telegram.org/bot8804049129:AAES6e5ycuTrk4zbQN6punNT-bDBq7Lgj-k/getUpdates "HTTP/1.1 200 OK"
2026-07-12 19:51:55,095 - httpx - INFO - HTTP Request: POST https://api.telegram.org/bot8804049129:AAES6e5ycuTrk4zbQN6punNT-bDBq7Lgj-k/getUpdates "HTTP/1.1 200 OK"
2026-07-12 19:52:05,201 - httpx - INFO - HTTP Request: POST https://api.telegram.org/bot8804049129:AAES6e5ycuTrk4zbQN6punNT-bDBq7Lgj-k/getUpdates "HTTP/1.1 200 OK"
2026-07-12 19:52:15,488 - httpx - INFO - HTTP Request: POST https://api.telegram.org/bot8804049129:AAES6e5ycuTrk4zbQN6punNT-bDBq7Lgj-k/getUpdates "HTTP/1.1 200 OK"
2026-07-12 19:52:25,645 - httpx - INFO - HTTP Request: POST https://api.telegram.org/bot8804049129:AAES6e5ycuTrk4zbQN6punNT-bDBq7Lgj-k/getUpdates "HTTP/1.1 200 OK"
2026-07-12 19:52:35,817 - httpx - INFO - HTTP Request: POST https://api.telegram.org/bot8804049129:AAES6e5ycuTrk4zbQN6punNT-bDBq7Lgj-k/getUpdates "HTTP/1.1 200 OK"
2026-07-12 19:52:45,940 - httpx - INFO - HTTP Request: POST https://api.telegram.org/bot8804049129:AAES6e5ycuTrk4zbQN6punNT-bDBq7Lgj-k/getUpdates "HTTP/1.1 200 OK"
2026-07-12 19:52:56,355 - httpx - INFO - HTTP Request: POST https://api.telegram.org/bot8804049129:AAES6e5ycuTrk4zbQN6punNT-bDBq7Lgj-k/getUpdates "HTTP/1.1 200 OK"
2026-07-12 19:53:06,460 - httpx - INFO - HTTP Request: POST https://api.telegram.org/bot8804049129:AAES6e5ycuTrk4zbQN6punNT-bDBq7Lgj-k/getUpdates "HTTP/1.1 200 OK"
2026-07-12 19:53:16,562 - httpx - INFO - HTTP Request: POST https://api.telegram.org/bot8804049129:AAES6e5ycuTrk4zbQN6punNT-bDBq7Lgj-k/getUpdates "HTTP/1.1 200 OK"
2026-07-12 19:53:26,666 - httpx - INFO - HTTP Request: POST https://api.telegram.org/bot8804049129:AAES6e5ycuTrk4zbQN6punNT-bDBq7Lgj-k/getUpdates "HTTP/1.1 200 OK"
2026-07-12 19:53:36,774 - httpx - INFO - HTTP Request: POST https://api.telegram.org/bot8804049129:AAES6e5ycuTrk4zbQN6punNT-bDBq7Lgj-k/getUpdates "HTTP/1.1 200 OK"
2026-07-12 19:53:46,883 - httpx - INFO - HTTP Request: POST https://api.telegram.org/bot8804049129:AAES6e5ycuTrk4zbQN6punNT-bDBq7Lgj-k/getUpdates "HTTP/1.1 200 OK"
2026-07-12 19:53:56,994 - httpx - INFO - HTTP Request: POST https://api.telegram.org/bot8804049129:AAES6e5ycuTrk4zbQN6punNT-bDBq7Lgj-k/getUpdates "HTTP/1.1 200 OK"
2026-07-12 19:54:07,106 - httpx - INFO - HTTP Request: POST https://api.telegram.org/bot8804049129:AAES6e5ycuTrk4zbQN6punNT-bDBq7Lgj-k/getUpdates "HTTP/1.1 200 OK"
2026-07-12 19:54:17,214 - httpx - INFO - HTTP Request: POST https://api.telegram.org/bot8804049129:AAES6e5ycuTrk4zbQN6punNT-bDBq7Lgj-k/getUpdates "HTTP/1.1 200 OK"
2026-07-12 19:54:27,334 - httpx - INFO - HTTP Request: POST https://api.telegram.org/bot8804049129:AAES6e5ycuTrk4zbQN6punNT-bDBq7Lgj-k/getUpdates "HTTP/1.1 200 OK"
2026-07-12 19:54:37,435 - httpx - INFO - HTTP Request: POST https://api.telegram.org/bot8804049129:AAES6e5ycuTrk4zbQN6punNT-bDBq7Lgj-k/getUpdates "HTTP/1.1 200 OK"
2026-07-12 19:54:47,540 - httpx - INFO - HTTP Request: POST https://api.telegram.org/bot8804049129:AAES6e5ycuTrk4zbQN6punNT-bDBq7Lgj-k/getUpdates "HTTP/1.1 200 OK"
2026-07-12 19:54:57,648 - httpx - INFO - HTTP Request: POST https://api.telegram.org/bot8804049129:AAES6e5ycuTrk4zbQN6punNT-bDBq7Lgj-k/getUpdates "HTTP/1.1 200 OK"
2026-07-12 19:55:07,752 - httpx - INFO - HTTP Request: POST https://api.telegram.org/bot8804049129:AAES6e5ycuTrk4zbQN6punNT-bDBq7Lgj-k/getUpdates "HTTP/1.1 200 OK"
2026-07-12 19:55:17,921 - httpx - INFO - HTTP Request: POST https://api.telegram.org/bot8804049129:AAES6e5ycuTrk4zbQN6punNT-bDBq7Lgj-k/getUpdates "HTTP/1.1 200 OK"
2026-07-12 19:55:28,023 - httpx - INFO - HTTP Request: POST https://api.telegram.org/bot8804049129:AAES6e5ycuTrk4zbQN6punNT-bDBq7Lgj-k/getUpdates "HTTP/1.1 200 OK"
2026-07-12 19:55:38,398 - httpx - INFO - HTTP Request: POST https://api.telegram.org/bot8804049129:AAES6e5ycuTrk4zbQN6punNT-bDBq7Lgj-k/getUpdates "HTTP/1.1 200 OK"
2026-07-12 19:55:48,520 - httpx - INFO - HTTP Request: POST https://api.telegram.org/bot8804049129:AAES6e5ycuTrk4zbQN6punNT-bDBq7Lgj-k/getUpdates "HTTP/1.1 200 OK"
2026-07-12 19:55:58,624 - httpx - INFO - HTTP Request: POST https://api.telegram.org/bot8804049129:AAES6e5ycuTrk4zbQN6punNT-bDBq7Lgj-k/getUpdates "HTTP/1.1 200 OK"
2026-07-12 19:56:08,731 - httpx - INFO - HTTP Request: POST https://api.telegram.org/bot8804049129:AAES6e5ycuTrk4zbQN6punNT-bDBq7Lgj-k/getUpdates "HTTP/1.1 200 OK"
2026-07-12 19:56:19,459 - httpx - INFO - HTTP Request: POST https://api.telegram.org/bot8804049129:AAES6e5ycuTrk4zbQN6punNT-bDBq7Lgj-k/getUpdates "HTTP/1.1 200 OK"
2026-07-12 19:56:29,565 - httpx - INFO - HTTP Request: POST https://api.telegram.org/bot8804049129:AAES6e5ycuTrk4zbQN6punNT-bDBq7Lgj-k/getUpdates "HTTP/1.1 200 OK"
2026-07-12 19:56:39,679 - httpx - INFO - HTTP Request: POST https://api.telegram.org/bot8804049129:AAES6e5ycuTrk4zbQN6punNT-bDBq7Lgj-k/getUpdates "HTTP/1.1 200 OK"
2026-07-12 19:56:49,798 - httpx - INFO - HTTP Request: POST https://api.telegram.org/bot8804049129:AAES6e5ycuTrk4zbQN6punNT-bDBq7Lgj-k/getUpdates "HTTP/1.1 200 OK"
2026-07-12 19:56:59,901 - httpx - INFO - HTTP Request: POST https://api.telegram.org/bot8804049129:AAES6e5ycuTrk4zbQN6punNT-bDBq7Lgj-k/getUpdates "HTTP/1.1 200 OK"
2026-07-12 19:57:10,012 - httpx - INFO - HTTP Request: POST https://api.telegram.org/bot8804049129:AAES6e5ycuTrk4zbQN6punNT-bDBq7Lgj-k/getUpdates "HTTP/1.1 200 OK"
2026-07-12 19:57:20,120 - httpx - INFO - HTTP Request: POST https://api.telegram.org/bot8804049129:AAES6e5ycuTrk4zbQN6punNT-bDBq7Lgj-k/getUpdates "HTTP/1.1 200 OK"
2026-07-12 19:57:30,233 - httpx - INFO - HTTP Request: POST https://api.telegram.org/bot8804049129:AAES6e5ycuTrk4zbQN6punNT-bDBq7Lgj-k/getUpdates "HTTP/1.1 200 OK"
2026-07-12 19:57:40,356 - httpx - INFO - HTTP Request: POST https://api.telegram.org/bot8804049129:AAES6e5ycuTrk4zbQN6punNT-bDBq7Lgj-k/getUpdates "HTTP/1.1 200 OK"
2026-07-12 19:57:50,456 - httpx - INFO - HTTP Request: POST https://api.telegram.org/bot8804049129:AAES6e5ycuTrk4zbQN6punNT-bDBq7Lgj-k/getUpdates "HTTP/1.1 200 OK"
2026-07-12 19:58:00,563 - httpx - INFO - HTTP Request: POST https://api.telegram.org/bot8804049129:AAES6e5ycuTrk4zbQN6punNT-bDBq7Lgj-k/getUpdates "HTTP/1.1 200 OK"
2026-07-12 19:58:10,674 - httpx - INFO - HTTP Request: POST https://api.telegram.org/bot8804049129:AAES6e5ycuTrk4zbQN6punNT-bDBq7Lgj-k/getUpdates "HTTP/1.1 200 OK"
2026-07-12 19:58:21,254 - httpx - INFO - HTTP Request: POST https://api.telegram.org/bot8804049129:AAES6e5ycuTrk4zbQN6punNT-bDBq7Lgj-k/getUpdates "HTTP/1.1 200 OK"
2026-07-12 19:58:31,363 - httpx - INFO - HTTP Request: POST https://api.telegram.org/bot8804049129:AAES6e5ycuTrk4zbQN6punNT-bDBq7Lgj-k/getUpdates "HTTP/1.1 200 OK"
2026-07-12 19:58:42,065 - httpx - INFO - HTTP Request: POST https://api.telegram.org/bot8804049129:AAES6e5ycuTrk4zbQN6punNT-bDBq7Lgj-k/getUpdates "HTTP/1.1 200 OK"
2026-07-12 19:58:52,189 - httpx - INFO - HTTP Request: POST https://api.telegram.org/bot8804049129:AAES6e5ycuTrk4zbQN6punNT-bDBq7Lgj-k/getUpdates "HTTP/1.1 200 OK"
2026-07-12 19:59:02,301 - httpx - INFO - HTTP Request: POST https://api.telegram.org/bot8804049129:AAES6e5ycuTrk4zbQN6punNT-bDBq7Lgj-k/getUpdates "HTTP/1.1 200 OK"
2026-07-12 19:59:12,455 - httpx - INFO - HTTP Request: POST https://api.telegram.org/bot8804049129:AAES6e5ycuTrk4zbQN6punNT-bDBq7Lgj-k/getUpdates "HTTP/1.1 200 OK"
2026-07-12 19:59:22,565 - httpx - INFO - HTTP Request: POST https://api.telegram.org/bot8804049129:AAES6e5ycuTrk4zbQN6punNT-bDBq7Lgj-k/getUpdates "HTTP/1.1 200 OK"
2026-07-12 19:59:32,669 - httpx - INFO - HTTP Request: POST https://api.telegram.org/bot8804049129:AAES6e5ycuTrk4zbQN6punNT-bDBq7Lgj-k/getUpdates "HTTP/1.1 200 OK"
2026-07-12 19:59:42,777 - httpx - INFO - HTTP Request: POST https://api.telegram.org/bot8804049129:AAES6e5ycuTrk4zbQN6punNT-bDBq7Lgj-k/getUpdates "HTTP/1.1 200 OK"
2026-07-12 19:59:53,897 - httpx - INFO - HTTP Request: POST https://api.telegram.org/bot8804049129:AAES6e5ycuTrk4zbQN6punNT-bDBq7Lgj-k/getUpdates "HTTP/1.1 200 OK"
2026-07-12 20:00:04,030 - httpx - INFO - HTTP Request: POST https://api.telegram.org/bot8804049129:AAES6e5ycuTrk4zbQN6punNT-bDBq7Lgj-k/getUpdates "HTTP/1.1 200 OK"
2026-07-12 20:00:14,264 - httpx - INFO - HTTP Request: POST https://api.telegram.org/bot8804049129:AAES6e5ycuTrk4zbQN6punNT-bDBq7Lgj-k/getUpdates "HTTP/1.1 200 OK"
2026-07-12 20:00:24,481 - httpx - INFO - HTTP Request: POST https://api.telegram.org/bot8804049129:AAES6e5ycuTrk4zbQN6punNT-bDBq7Lgj-k/getUpdates "HTTP/1.1 200 OK"
2026-07-12 20:00:34,626 - httpx - INFO - HTTP Request: POST https://api.telegram.org/bot8804049129:AAES6e5ycuTrk4zbQN6punNT-bDBq7Lgj-k/getUpdates "HTTP/1.1 200 OK"
2026-07-12 20:00:44,760 - httpx - INFO - HTTP Request: POST https://api.telegram.org/bot8804049129:AAES6e5ycuTrk4zbQN6punNT-bDBq7Lgj-k/getUpdates "HTTP/1.1 200 OK"
2026-07-12 20:00:54,887 - httpx - INFO - HTTP Request: POST https://api.telegram.org/bot8804049129:AAES6e5ycuTrk4zbQN6punNT-bDBq7Lgj-k/getUpdates "HTTP/1.1 200 OK"
2026-07-12 20:01:05,028 - httpx - INFO - HTTP Request: POST https://api.telegram.org/bot8804049129:AAES6e5ycuTrk4zbQN6punNT-bDBq7Lgj-k/getUpdates "HTTP/1.1 200 OK"
2026-07-12 20:01:15,149 - httpx - INFO - HTTP Request: POST https://api.telegram.org/bot8804049129:AAES6e5ycuTrk4zbQN6punNT-bDBq7Lgj-k/getUpdates "HTTP/1.1 200 OK"
2026-07-12 20:01:25,253 - httpx - INFO - HTTP Request: POST https://api.telegram.org/bot8804049129:AAES6e5ycuTrk4zbQN6punNT-bDBq7Lgj-k/getUpdates "HTTP/1.1 200 OK"
2026-07-12 20:01:35,362 - httpx - INFO - HTTP Request: POST https://api.telegram.org/bot8804049129:AAES6e5ycuTrk4zbQN6punNT-bDBq7Lgj-k/getUpdates "HTTP/1.1 200 OK"
2026-07-12 20:01:45,481 - httpx - INFO - HTTP Request: POST https://api.telegram.org/bot8804049129:AAES6e5ycuTrk4zbQN6punNT-bDBq7Lgj-k/getUpdates "HTTP/1.1 200 OK"
2026-07-12 20:01:55,677 - httpx - INFO - HTTP Request: POST https://api.telegram.org/bot8804049129:AAES6e5ycuTrk4zbQN6punNT-bDBq7Lgj-k/getUpdates "HTTP/1.1 200 OK"
2026-07-12 20:02:05,856 - httpx - INFO - HTTP Request: POST https://api.telegram.org/bot8804049129:AAES6e5ycuTrk4zbQN6punNT-bDBq7Lgj-k/getUpdates "HTTP/1.1 200 OK"
2026-07-12 20:02:15,972 - httpx - INFO - HTTP Request: POST https://api.telegram.org/bot8804049129:AAES6e5ycuTrk4zbQN6punNT-bDBq7Lgj-k/getUpdates "HTTP/1.1 200 OK"
2026-07-12 20:02:26,171 - httpx - INFO - HTTP Request: POST https://api.telegram.org/bot8804049129:AAES6e5ycuTrk4zbQN6punNT-bDBq7Lgj-k/getUpdates "HTTP/1.1 200 OK"
2026-07-12 20:02:37,176 - httpx - INFO - HTTP Request: POST https://api.telegram.org/bot8804049129:AAES6e5ycuTrk4zbQN6punNT-bDBq7Lgj-k/getUpdates "HTTP/1.1 200 OK"
2026-07-12 20:02:48,011 - httpx - INFO - HTTP Request: POST https://api.telegram.org/bot8804049129:AAES6e5ycuTrk4zbQN6punNT-bDBq7Lgj-k/getUpdates "HTTP/1.1 200 OK"
2026-07-12 20:02:58,120 - httpx - INFO - HTTP Request: POST https://api.telegram.org/bot8804049129:AAES6e5ycuTrk4zbQN6punNT-bDBq7Lgj-k/getUpdates "HTTP/1.1 200 OK"
2026-07-12 20:03:08,234 - httpx - INFO - HTTP Request: POST https://api.telegram.org/bot8804049129:AAES6e5ycuTrk4zbQN6punNT-bDBq7Lgj-k/getUpdates "HTTP/1.1 200 OK"
2026-07-12 20:03:18,348 - httpx - INFO - HTTP Request: POST https://api.telegram.org/bot8804049129:AAES6e5ycuTrk4zbQN6punNT-bDBq7Lgj-k/getUpdates "HTTP/1.1 200 OK"
2026-07-12 20:03:28,448 - httpx - INFO - HTTP Request: POST https://api.telegram.org/bot8804049129:AAES6e5ycuTrk4zbQN6punNT-bDBq7Lgj-k/getUpdates "HTTP/1.1 200 OK"
2026-07-12 20:03:38,592 - httpx - INFO - HTTP Request: POST https://api.telegram.org/bot8804049129:AAES6e5ycuTrk4zbQN6punNT-bDBq7Lgj-k/getUpdates "HTTP/1.1 200 OK"
2026-07-12 20:03:48,697 - httpx - INFO - HTTP Request: POST https://api.telegram.org/bot8804049129:AAES6e5ycuTrk4zbQN6punNT-bDBq7Lgj-k/getUpdates "HTTP/1.1 200 OK"
2026-07-12 20:03:58,806 - httpx - INFO - HTTP Request: POST https://api.telegram.org/bot8804049129:AAES6e5ycuTrk4zbQN6punNT-bDBq7Lgj-k/getUpdates "HTTP/1.1 200 OK"
2026-07-12 20:04:08,912 - httpx - INFO - HTTP Request: POST https://api.telegram.org/bot8804049129:AAES6e5ycuTrk4zbQN6punNT-bDBq7Lgj-k/getUpdates "HTTP/1.1 200 OK"
2026-07-12 20:04:19,026 - httpx - INFO - HTTP Request: POST https://api.telegram.org/bot8804049129:AAES6e5ycuTrk4zbQN6punNT-bDBq7Lgj-k/getUpdates "HTTP/1.1 200 OK"
2026-07-12 20:04:29,131 - httpx - INFO - HTTP Request: POST https://api.telegram.org/bot8804049129:AAES6e5ycuTrk4zbQN6punNT-bDBq7Lgj-k/getUpdates "HTTP/1.1 200 OK"
2026-07-12 20:04:39,256 - httpx - INFO - HTTP Request: POST https://api.telegram.org/bot8804049129:AAES6e5ycuTrk4zbQN6punNT-bDBq7Lgj-k/getUpdates "HTTP/1.1 200 OK"
2026-07-12 20:04:49,372 - httpx - INFO - HTTP Request: POST https://api.telegram.org/bot8804049129:AAES6e5ycuTrk4zbQN6punNT-bDBq7Lgj-k/getUpdates "HTTP/1.1 200 OK"
2026-07-12 20:04:59,493 - httpx - INFO - HTTP Request: POST https://api.telegram.org/bot8804049129:AAES6e5ycuTrk4zbQN6punNT-bDBq7Lgj-k/getUpdates "HTTP/1.1 200 OK"
2026-07-12 20:05:09,597 - httpx - INFO - HTTP Request: POST https://api.telegram.org/bot8804049129:AAES6e5ycuTrk4zbQN6punNT-bDBq7Lgj-k/getUpdates "HTTP/1.1 200 OK"
2026-07-12 20:05:19,709 - httpx - INFO - HTTP Request: POST https://api.telegram.org/bot8804049129:AAES6e5ycuTrk4zbQN6punNT-bDBq7Lgj-k/getUpdates "HTTP/1.1 200 OK"
2026-07-12 20:05:29,820 - httpx - INFO - HTTP Request: POST https://api.telegram.org/bot8804049129:AAES6e5ycuTrk4zbQN6punNT-bDBq7Lgj-k/getUpdates "HTTP/1.1 200 OK"
2026-07-12 20:05:39,923 - httpx - INFO - HTTP Request: POST https://api.telegram.org/bot8804049129:AAES6e5ycuTrk4zbQN6punNT-bDBq7Lgj-k/getUpdates "HTTP/1.1 200 OK"
2026-07-12 20:05:50,034 - httpx - INFO - HTTP Request: POST https://api.telegram.org/bot8804049129:AAES6e5ycuTrk4zbQN6punNT-bDBq7Lgj-k/getUpdates "HTTP/1.1 200 OK"
2026-07-12 20:06:00,147 - httpx - INFO - HTTP Request: POST https://api.telegram.org/bot8804049129:AAES6e5ycuTrk4zbQN6punNT-bDBq7Lgj-k/getUpdates "HTTP/1.1 200 OK"
2026-07-12 20:06:10,274 - httpx - INFO - HTTP Request: POST https://api.telegram.org/bot8804049129:AAES6e5ycuTrk4zbQN6punNT-bDBq7Lgj-k/getUpdates "HTTP/1.1 200 OK"
2026-07-12 20:06:20,384 - httpx - INFO - HTTP Request: POST https://api.telegram.org/bot8804049129:AAES6e5ycuTrk4zbQN6punNT-bDBq7Lgj-k/getUpdates "HTTP/1.1 200 OK"
2026-07-12 20:06:30,490 - httpx - INFO - HTTP Request: POST https://api.telegram.org/bot8804049129:AAES6e5ycuTrk4zbQN6punNT-bDBq7Lgj-k/getUpdates "HTTP/1.1 200 OK"
2026-07-12 20:06:40,598 - httpx - INFO - HTTP Request: POST https://api.telegram.org/bot8804049129:AAES6e5ycuTrk4zbQN6punNT-bDBq7Lgj-k/getUpdates "HTTP/1.1 200 OK"
2026-07-12 20:06:50,706 - httpx - INFO - HTTP Request: POST https://api.telegram.org/bot8804049129:AAES6e5ycuTrk4zbQN6punNT-bDBq7Lgj-k/getUpdates "HTTP/1.1 200 OK"
2026-07-12 20:07:00,812 - httpx - INFO - HTTP Request: POST https://api.telegram.org/bot8804049129:AAES6e5ycuTrk4zbQN6punNT-bDBq7Lgj-k/getUpdates "HTTP/1.1 200 OK"
2026-07-12 20:07:10,917 - httpx - INFO - HTTP Request: POST https://api.telegram.org/bot8804049129:AAES6e5ycuTrk4zbQN6punNT-bDBq7Lgj-k/getUpdates "HTTP/1.1 200 OK"
2026-07-12 20:07:21,032 - httpx - INFO - HTTP Request: POST https://api.telegram.org/bot8804049129:AAES6e5ycuTrk4zbQN6punNT-bDBq7Lgj-k/getUpdates "HTTP/1.1 200 OK"
2026-07-12 20:07:31,143 - httpx - INFO - HTTP Request: POST https://api.telegram.org/bot8804049129:AAES6e5ycuTrk4zbQN6punNT-bDBq7Lgj-k/getUpdates "HTTP/1.1 200 OK"
2026-07-12 20:07:41,244 - httpx - INFO - HTTP Request: POST https://api.telegram.org/bot8804049129:AAES6e5ycuTrk4zbQN6punNT-bDBq7Lgj-k/getUpdates "HTTP/1.1 200 OK"
2026-07-12 20:07:51,358 - httpx - INFO - HTTP Request: POST https://api.telegram.org/bot8804049129:AAES6e5ycuTrk4zbQN6punNT-bDBq7Lgj-k/getUpdates "HTTP/1.1 200 OK"
2026-07-12 20:08:01,508 - httpx - INFO - HTTP Request: POST https://api.telegram.org/bot8804049129:AAES6e5ycuTrk4zbQN6punNT-bDBq7Lgj-k/getUpdates "HTTP/1.1 200 OK"
2026-07-12 20:08:11,645 - httpx - INFO - HTTP Request: POST https://api.telegram.org/bot8804049129:AAES6e5ycuTrk4zbQN6punNT-bDBq7Lgj-k/getUpdates "HTTP/1.1 200 OK"
2026-07-12 20:08:21,748 - httpx - INFO - HTTP Request: POST https://api.telegram.org/bot8804049129:AAES6e5ycuTrk4zbQN6punNT-bDBq7Lgj-k/getUpdates "HTTP/1.1 200 OK"
2026-07-12 20:08:31,865 - httpx - INFO - HTTP Request: POST https://api.telegram.org/bot8804049129:AAES6e5ycuTrk4zbQN6punNT-bDBq7Lgj-k/getUpdates "HTTP/1.1 200 OK"
2026-07-12 20:08:41,970 - httpx - INFO - HTTP Request: POST https://api.telegram.org/bot8804049129:AAES6e5ycuTrk4zbQN6punNT-bDBq7Lgj-k/getUpdates "HTTP/1.1 200 OK"
2026-07-12 20:08:52,071 - httpx - INFO - HTTP Request: POST https://api.telegram.org/bot8804049129:AAES6e5ycuTrk4zbQN6punNT-bDBq7Lgj-k/getUpdates "HTTP/1.1 200 OK"
2026-07-12 20:09:02,179 - httpx - INFO - HTTP Request: POST https://api.telegram.org/bot8804049129:AAES6e5ycuTrk4zbQN6punNT-bDBq7Lgj-k/getUpdates "HTTP/1.1 200 OK"
2026-07-12 20:09:12,302 - httpx - INFO - HTTP Request: POST https://api.telegram.org/bot8804049129:AAES6e5ycuTrk4zbQN6punNT-bDBq7Lgj-k/getUpdates "HTTP/1.1 200 OK"
2026-07-12 20:09:22,404 - httpx - INFO - HTTP Request: POST https://api.telegram.org/bot8804049129:AAES6e5ycuTrk4zbQN6punNT-bDBq7Lgj-k/getUpdates "HTTP/1.1 200 OK"
2026-07-12 20:09:32,502 - httpx - INFO - HTTP Request: POST https://api.telegram.org/bot8804049129:AAES6e5ycuTrk4zbQN6punNT-bDBq7Lgj-k/getUpdates "HTTP/1.1 200 OK"
2026-07-12 20:09:42,609 - httpx - INFO - HTTP Request: POST https://api.telegram.org/bot8804049129:AAES6e5ycuTrk4zbQN6punNT-bDBq7Lgj-k/getUpdates "HTTP/1.1 200 OK"
2026-07-12 20:09:52,730 - httpx - INFO - HTTP Request: POST https://api.telegram.org/bot8804049129:AAES6e5ycuTrk4zbQN6punNT-bDBq7Lgj-k/getUpdates "HTTP/1.1 200 OK"
2026-07-12 20:10:02,837 - httpx - INFO - HTTP Request: POST https://api.telegram.org/bot8804049129:AAES6e5ycuTrk4zbQN6punNT-bDBq7Lgj-k/getUpdates "HTTP/1.1 200 OK"
2026-07-12 20:10:12,970 - httpx - INFO - HTTP Request: POST https://api.telegram.org/bot8804049129:AAES6e5ycuTrk4zbQN6punNT-bDBq7Lgj-k/getUpdates "HTTP/1.1 200 OK"
2026-07-12 20:10:23,086 - httpx - INFO - HTTP Request: POST https://api.telegram.org/bot8804049129:AAES6e5ycuTrk4zbQN6punNT-bDBq7Lgj-k/getUpdates "HTTP/1.1 200 OK"
2026-07-12 20:10:33,207 - httpx - INFO - HTTP Request: POST https://api.telegram.org/bot8804049129:AAES6e5ycuTrk4zbQN6punNT-bDBq7Lgj-k/getUpdates "HTTP/1.1 200 OK"
2026-07-12 20:10:43,315 - httpx - INFO - HTTP Request: POST https://api.telegram.org/bot8804049129:AAES6e5ycuTrk4zbQN6punNT-bDBq7Lgj-k/getUpdates "HTTP/1.1 200 OK"
2026-07-12 20:10:53,423 - httpx - INFO - HTTP Request: POST https://api.telegram.org/bot8804049129:AAES6e5ycuTrk4zbQN6punNT-bDBq7Lgj-k/getUpdates "HTTP/1.1 200 OK"
2026-07-12 20:11:03,929 - httpx - INFO - HTTP Request: POST https://api.telegram.org/bot8804049129:AAES6e5ycuTrk4zbQN6punNT-bDBq7Lgj-k/getUpdates "HTTP/1.1 200 OK"
2026-07-12 20:11:14,042 - httpx - INFO - HTTP Request: POST https://api.telegram.org/bot8804049129:AAES6e5ycuTrk4zbQN6punNT-bDBq7Lgj-k/getUpdates "HTTP/1.1 200 OK"
2026-07-12 20:11:24,147 - httpx - INFO - HTTP Request: POST https://api.telegram.org/bot8804049129:AAES6e5ycuTrk4zbQN6punNT-bDBq7Lgj-k/getUpdates "HTTP/1.1 200 OK"
2026-07-12 20:11:34,249 - httpx - INFO - HTTP Request: POST https://api.telegram.org/bot8804049129:AAES6e5ycuTrk4zbQN6punNT-bDBq7Lgj-k/getUpdates "HTTP/1.1 200 OK"
2026-07-12 20:11:44,417 - httpx - INFO - HTTP Request: POST https://api.telegram.org/bot8804049129:AAES6e5ycuTrk4zbQN6punNT-bDBq7Lgj-k/getUpdates "HTTP/1.1 200 OK"
2026-07-12 20:11:54,551 - httpx - INFO - HTTP Request: POST https://api.telegram.org/bot8804049129:AAES6e5ycuTrk4zbQN6punNT-bDBq7Lgj-k/getUpdates "HTTP/1.1 200 OK"
2026-07-12 20:12:04,755 - httpx - INFO - HTTP Request: POST https://api.telegram.org/bot8804049129:AAES6e5ycuTrk4zbQN6punNT-bDBq7Lgj-k/getUpdates "HTTP/1.1 200 OK"
2026-07-12 20:12:14,862 - httpx - INFO - HTTP Request: POST https://api.telegram.org/bot8804049129:AAES6e5ycuTrk4zbQN6punNT-bDBq7Lgj-k/getUpdates "HTTP/1.1 200 OK"
2026-07-12 20:12:24,969 - httpx - INFO - HTTP Request: POST https://api.telegram.org/bot8804049129:AAES6e5ycuTrk4zbQN6punNT-bDBq7Lgj-k/getUpdates "HTTP/1.1 200 OK"
2026-07-12 20:12:35,105 - httpx - INFO - HTTP Request: POST https://api.telegram.org/bot8804049129:AAES6e5ycuTrk4zbQN6punNT-bDBq7Lgj-k/getUpdates "HTTP/1.1 200 OK"
2026-07-12 20:12:45,228 - httpx - INFO - HTTP Request: POST https://api.telegram.org/bot8804049129:AAES6e5ycuTrk4zbQN6punNT-bDBq7Lgj-k/getUpdates "HTTP/1.1 200 OK"
2026-07-12 20:12:55,665 - httpx - INFO - HTTP Request: POST https://api.telegram.org/bot8804049129:AAES6e5ycuTrk4zbQN6punNT-bDBq7Lgj-k/getUpdates "HTTP/1.1 200 OK"
2026-07-12 20:13:05,768 - httpx - INFO - HTTP Request: POST https://api.telegram.org/bot8804049129:AAES6e5ycuTrk4zbQN6punNT-bDBq7Lgj-k/getUpdates "HTTP/1.1 200 OK"
2026-07-12 20:13:15,870 - httpx - INFO - HTTP Request: POST https://api.telegram.org/bot8804049129:AAES6e5ycuTrk4zbQN6punNT-bDBq7Lgj-k/getUpdates "HTTP/1.1 200 OK"
2026-07-12 20:13:25,972 - httpx - INFO - HTTP Request: POST https://api.telegram.org/bot8804049129:AAES6e5ycuTrk4zbQN6punNT-bDBq7Lgj-k/getUpdates "HTTP/1.1 200 OK"
2026-07-12 20:13:36,072 - httpx - INFO - HTTP Request: POST https://api.telegram.org/bot8804049129:AAES6e5ycuTrk4zbQN6punNT-bDBq7Lgj-k/getUpdates "HTTP/1.1 200 OK"
2026-07-12 20:13:46,332 - httpx - INFO - HTTP Request: POST https://api.telegram.org/bot8804049129:AAES6e5ycuTrk4zbQN6punNT-bDBq7Lgj-k/getUpdates "HTTP/1.1 200 OK"
2026-07-12 20:13:56,434 - httpx - INFO - HTTP Request: POST https://api.telegram.org/bot8804049129:AAES6e5ycuTrk4zbQN6punNT-bDBq7Lgj-k/getUpdates "HTTP/1.1 200 OK"
2026-07-12 20:14:06,535 - httpx - INFO - HTTP Request: POST https://api.telegram.org/bot8804049129:AAES6e5ycuTrk4zbQN6punNT-bDBq7Lgj-k/getUpdates "HTTP/1.1 200 OK"
2026-07-12 20:14:16,698 - httpx - INFO - HTTP Request: POST https://api.telegram.org/bot8804049129:AAES6e5ycuTrk4zbQN6punNT-bDBq7Lgj-k/getUpdates "HTTP/1.1 200 OK"
2026-07-12 20:14:27,427 - httpx - INFO - HTTP Request: POST https://api.telegram.org/bot8804049129:AAES6e5ycuTrk4zbQN6punNT-bDBq7Lgj-k/getUpdates "HTTP/1.1 200 OK"
2026-07-12 20:14:37,534 - httpx - INFO - HTTP Request: POST https://api.telegram.org/bot8804049129:AAES6e5ycuTrk4zbQN6punNT-bDBq7Lgj-k/getUpdates "HTTP/1.1 200 OK"
2026-07-12 20:14:47,643 - httpx - INFO - HTTP Request: POST https://api.telegram.org/bot8804049129:AAES6e5ycuTrk4zbQN6punNT-bDBq7Lgj-k/getUpdates "HTTP/1.1 200 OK"
2026-07-12 20:14:57,748 - httpx - INFO - HTTP Request: POST https://api.telegram.org/bot8804049129:AAES6e5ycuTrk4zbQN6punNT-bDBq7Lgj-k/getUpdates "HTTP/1.1 200 OK"
2026-07-12 20:15:07,859 - httpx - INFO - HTTP Request: POST https://api.telegram.org/bot8804049129:AAES6e5ycuTrk4zbQN6punNT-bDBq7Lgj-k/getUpdates "HTTP/1.1 200 OK"
2026-07-12 20:15:17,964 - httpx - INFO - HTTP Request: POST https://api.telegram.org/bot8804049129:AAES6e5ycuTrk4zbQN6punNT-bDBq7Lgj-k/getUpdates "HTTP/1.1 200 OK"
2026-07-12 20:15:28,068 - httpx - INFO - HTTP Request: POST https://api.telegram.org/bot8804049129:AAES6e5ycuTrk4zbQN6punNT-bDBq7Lgj-k/getUpdates "HTTP/1.1 200 OK"
2026-07-12 20:15:38,777 - httpx - INFO - HTTP Request: POST https://api.telegram.org/bot8804049129:AAES6e5ycuTrk4zbQN6punNT-bDBq7Lgj-k/getUpdates "HTTP/1.1 200 OK"
2026-07-12 20:15:48,885 - httpx - INFO - HTTP Request: POST https://api.telegram.org/bot8804049129:AAES6e5ycuTrk4zbQN6punNT-bDBq7Lgj-k/getUpdates "HTTP/1.1 200 OK"
2026-07-12 20:15:58,990 - httpx - INFO - HTTP Request: POST https://api.telegram.org/bot8804049129:AAES6e5ycuTrk4zbQN6punNT-bDBq7Lgj-k/getUpdates "HTTP/1.1 200 OK"
2026-07-12 20:16:09,349 - httpx - INFO - HTTP Request: POST https://api.telegram.org/bot8804049129:AAES6e5ycuTrk4zbQN6punNT-bDBq7Lgj-k/getUpdates "HTTP/1.1 200 OK"
2026-07-12 20:16:19,859 - httpx - INFO - HTTP Request: POST https://api.telegram.org/bot8804049129:AAES6e5ycuTrk4zbQN6punNT-bDBq7Lgj-k/getUpdates "HTTP/1.1 200 OK"
2026-07-12 20:16:29,971 - httpx - INFO - HTTP Request: POST https://api.telegram.org/bot8804049129:AAES6e5ycuTrk4zbQN6punNT-bDBq7Lgj-k/getUpdates "HTTP/1.1 200 OK"
2026-07-12 20:16:40,086 - httpx - INFO - HTTP Request: POST https://api.telegram.org/bot8804049129:AAES6e5ycuTrk4zbQN6punNT-bDBq7Lgj-k/getUpdates "HTTP/1.1 200 OK"
2026-07-12 20:16:50,192 - httpx - INFO - HTTP Request: POST https://api.telegram.org/bot8804049129:AAES6e5ycuTrk4zbQN6punNT-bDBq7Lgj-k/getUpdates "HTTP/1.1 200 OK"
2026-07-12 20:17:00,297 - httpx - INFO - HTTP Request: POST https://api.telegram.org/bot8804049129:AAES6e5ycuTrk4zbQN6punNT-bDBq7Lgj-k/getUpdates "HTTP/1.1 200 OK"
2026-07-12 20:17:10,398 - httpx - INFO - HTTP Request: POST https://api.telegram.org/bot8804049129:AAES6e5ycuTrk4zbQN6punNT-bDBq7Lgj-k/getUpdates "HTTP/1.1 200 OK"
2026-07-12 20:17:20,515 - httpx - INFO - HTTP Request: POST https://api.telegram.org/bot8804049129:AAES6e5ycuTrk4zbQN6punNT-bDBq7Lgj-k/getUpdates "HTTP/1.1 200 OK"
2026-07-12 20:17:30,623 - httpx - INFO - HTTP Request: POST https://api.telegram.org/bot8804049129:AAES6e5ycuTrk4zbQN6punNT-bDBq7Lgj-k/getUpdates "HTTP/1.1 200 OK"
2026-07-12 20:17:40,731 - httpx - INFO - HTTP Request: POST https://api.telegram.org/bot8804049129:AAES6e5ycuTrk4zbQN6punNT-bDBq7Lgj-k/getUpdates "HTTP/1.1 200 OK"
2026-07-12 20:17:50,834 - httpx - INFO - HTTP Request: POST https://api.telegram.org/bot8804049129:AAES6e5ycuTrk4zbQN6punNT-bDBq7Lgj-k/getUpdates "HTTP/1.1 200 OK"
2026-07-12 20:18:00,937 - httpx - INFO - HTTP Request: POST https://api.telegram.org/bot8804049129:AAES6e5ycuTrk4zbQN6punNT-bDBq7Lgj-k/getUpdates "HTTP/1.1 200 OK"
2026-07-12 20:18:11,052 - httpx - INFO - HTTP Request: POST https://api.telegram.org/bot8804049129:AAES6e5ycuTrk4zbQN6punNT-bDBq7Lgj-k/getUpdates "HTTP/1.1 200 OK"
2026-07-12 20:18:21,160 - httpx - INFO - HTTP Request: POST https://api.telegram.org/bot8804049129:AAES6e5ycuTrk4zbQN6punNT-bDBq7Lgj-k/getUpdates "HTTP/1.1 200 OK"
2026-07-12 20:18:31,276 - httpx - INFO - HTTP Request: POST https://api.telegram.org/bot8804049129:AAES6e5ycuTrk4zbQN6punNT-bDBq7Lgj-k/getUpdates "HTTP/1.1 200 OK"
2026-07-12 20:18:41,377 - httpx - INFO - HTTP Request: POST https://api.telegram.org/bot8804049129:AAES6e5ycuTrk4zbQN6punNT-bDBq7Lgj-k/getUpdates "HTTP/1.1 200 OK"
2026-07-12 20:18:51,485 - httpx - INFO - HTTP Request: POST https://api.telegram.org/bot8804049129:AAES6e5ycuTrk4zbQN6punNT-bDBq7Lgj-k/getUpdates "HTTP/1.1 200 OK"
2026-07-12 20:19:01,639 - httpx - INFO - HTTP Request: POST https://api.telegram.org/bot8804049129:AAES6e5ycuTrk4zbQN6punNT-bDBq7Lgj-k/getUpdates "HTTP/1.1 200 OK"
2026-07-12 20:19:11,746 - httpx - INFO - HTTP Request: POST https://api.telegram.org/bot8804049129:AAES6e5ycuTrk4zbQN6punNT-bDBq7Lgj-k/getUpdates "HTTP/1.1 200 OK"
2026-07-12 20:19:22,155 - httpx - INFO - HTTP Request: POST https://api.telegram.org/bot8804049129:AAES6e5ycuTrk4zbQN6punNT-bDBq7Lgj-k/getUpdates "HTTP/1.1 200 OK"
2026-07-12 20:19:32,298 - httpx - INFO - HTTP Request: POST https://api.telegram.org/bot8804049129:AAES6e5ycuTrk4zbQN6punNT-bDBq7Lgj-k/getUpdates "HTTP/1.1 200 OK"
2026-07-12 20:19:42,530 - httpx - INFO - HTTP Request: POST https://api.telegram.org/bot8804049129:AAES6e5ycuTrk4zbQN6punNT-bDBq7Lgj-k/getUpdates "HTTP/1.1 200 OK"
2026-07-12 20:19:52,636 - httpx - INFO - HTTP Request: POST https://api.telegram.org/bot8804049129:AAES6e5ycuTrk4zbQN6punNT-bDBq7Lgj-k/getUpdates "HTTP/1.1 200 OK"
2026-07-12 20:20:02,741 - httpx - INFO - HTTP Request: POST https://api.telegram.org/bot8804049129:AAES6e5ycuTrk4zbQN6punNT-bDBq7Lgj-k/getUpdates "HTTP/1.1 200 OK"
2026-07-12 20:20:12,847 - httpx - INFO - HTTP Request: POST https://api.telegram.org/bot8804049129:AAES6e5ycuTrk4zbQN6punNT-bDBq7Lgj-k/getUpdates "HTTP/1.1 200 OK"
2026-07-12 20:20:22,951 - httpx - INFO - HTTP Request: POST https://api.telegram.org/bot8804049129:AAES6e5ycuTrk4zbQN6punNT-bDBq7Lgj-k/getUpdates "HTTP/1.1 200 OK"
2026-07-12 20:20:33,051 - httpx - INFO - HTTP Request: POST https://api.telegram.org/bot8804049129:AAES6e5ycuTrk4zbQN6punNT-bDBq7Lgj-k/getUpdates "HTTP/1.1 200 OK"
2026-07-12 20:20:43,634 - httpx - INFO - HTTP Request: POST https://api.telegram.org/bot8804049129:AAES6e5ycuTrk4zbQN6punNT-bDBq7Lgj-k/getUpdates "HTTP/1.1 200 OK"
2026-07-12 20:20:53,769 - httpx - INFO - HTTP Request: POST https://api.telegram.org/bot8804049129:AAES6e5ycuTrk4zbQN6punNT-bDBq7Lgj-k/getUpdates "HTTP/1.1 200 OK"
2026-07-12 20:21:04,570 - httpx - INFO - HTTP Request: POST https://api.telegram.org/bot8804049129:AAES6e5ycuTrk4zbQN6punNT-bDBq7Lgj-k/getUpdates "HTTP/1.1 200 OK"
2026-07-12 20:21:14,673 - httpx - INFO - HTTP Request: POST https://api.telegram.org/bot8804049129:AAES6e5ycuTrk4zbQN6punNT-bDBq7Lgj-k/getUpdates "HTTP/1.1 200 OK"
2026-07-12 20:21:24,779 - httpx - INFO - HTTP Request: POST https://api.telegram.org/bot8804049129:AAES6e5ycuTrk4zbQN6punNT-bDBq7Lgj-k/getUpdates "HTTP/1.1 200 OK"
2026-07-12 20:21:34,900 - httpx - INFO - HTTP Request: POST https://api.telegram.org/bot8804049129:AAES6e5ycuTrk4zbQN6punNT-bDBq7Lgj-k/getUpdates "HTTP/1.1 200 OK"
2026-07-12 20:21:45,013 - httpx - INFO - HTTP Request: POST https://api.telegram.org/bot8804049129:AAES6e5ycuTrk4zbQN6punNT-bDBq7Lgj-k/getUpdates "HTTP/1.1 200 OK"
2026-07-12 20:21:55,121 - httpx - INFO - HTTP Request: POST https://api.telegram.org/bot8804049129:AAES6e5ycuTrk4zbQN6punNT-bDBq7Lgj-k/getUpdates "HTTP/1.1 200 OK"
2026-07-12 20:22:05,222 - httpx - INFO - HTTP Request: POST https://api.telegram.org/bot8804049129:AAES6e5ycuTrk4zbQN6punNT-bDBq7Lgj-k/getUpdates "HTTP/1.1 200 OK"
2026-07-12 20:22:15,330 - httpx - INFO - HTTP Request: POST https://api.telegram.org/bot8804049129:AAES6e5ycuTrk4zbQN6punNT-bDBq7Lgj-k/getUpdates "HTTP/1.1 200 OK"
2026-07-12 20:22:25,438 - httpx - INFO - HTTP Request: POST https://api.telegram.org/bot8804049129:AAES6e5ycuTrk4zbQN6punNT-bDBq7Lgj-k/getUpdates "HTTP/1.1 200 OK"
2026-07-12 20:22:35,541 - httpx - INFO - HTTP Request: POST https://api.telegram.org/bot8804049129:AAES6e5ycuTrk4zbQN6punNT-bDBq7Lgj-k/getUpdates "HTTP/1.1 200 OK"
2026-07-12 20:22:45,644 - httpx - INFO - HTTP Request: POST https://api.telegram.org/bot8804049129:AAES6e5ycuTrk4zbQN6punNT-bDBq7Lgj-k/getUpdates "HTTP/1.1 200 OK"
2026-07-12 20:22:55,749 - httpx - INFO - HTTP Request: POST https://api.telegram.org/bot8804049129:AAES6e5ycuTrk4zbQN6punNT-bDBq7Lgj-k/getUpdates "HTTP/1.1 200 OK"
2026-07-12 20:23:05,851 - httpx - INFO - HTTP Request: POST https://api.telegram.org/bot8804049129:AAES6e5ycuTrk4zbQN6punNT-bDBq7Lgj-k/getUpdates "HTTP/1.1 200 OK"
2026-07-12 20:23:15,956 - httpx - INFO - HTTP Request: POST https://api.telegram.org/bot8804049129:AAES6e5ycuTrk4zbQN6punNT-bDBq7Lgj-k/getUpdates "HTTP/1.1 200 OK"
2026-07-12 20:23:26,062 - httpx - INFO - HTTP Request: POST https://api.telegram.org/bot8804049129:AAES6e5ycuTrk4zbQN6punNT-bDBq7Lgj-k/getUpdates "HTTP/1.1 200 OK"
2026-07-12 20:23:36,163 - httpx - INFO - HTTP Request: POST https://api.telegram.org/bot8804049129:AAES6e5ycuTrk4zbQN6punNT-bDBq7Lgj-k/getUpdates "HTTP/1.1 200 OK"
2026-07-12 20:23:46,269 - httpx - INFO - HTTP Request: POST https://api.telegram.org/bot8804049129:AAES6e5ycuTrk4zbQN6punNT-bDBq7Lgj-k/getUpdates "HTTP/1.1 200 OK"
2026-07-12 20:23:56,435 - httpx - INFO - HTTP Request: POST https://api.telegram.org/bot8804049129:AAES6e5ycuTrk4zbQN6punNT-bDBq7Lgj-k/getUpdates "HTTP/1.1 200 OK"
2026-07-12 20:24:06,542 - httpx - INFO - HTTP Request: POST https://api.telegram.org/bot8804049129:AAES6e5ycuTrk4zbQN6punNT-bDBq7Lgj-k/getUpdates "HTTP/1.1 200 OK"
2026-07-12 20:24:16,649 - httpx - INFO - HTTP Request: POST https://api.telegram.org/bot8804049129:AAES6e5ycuTrk4zbQN6punNT-bDBq7Lgj-k/getUpdates "HTTP/1.1 200 OK"
2026-07-12 20:24:26,760 - httpx - INFO - HTTP Request: POST https://api.telegram.org/bot8804049129:AAES6e5ycuTrk4zbQN6punNT-bDBq7Lgj-k/getUpdates "HTTP/1.1 200 OK"
2026-07-12 20:24:36,869 - httpx - INFO - HTTP Request: POST https://api.telegram.org/bot8804049129:AAES6e5ycuTrk4zbQN6punNT-bDBq7Lgj-k/getUpdates "HTTP/1.1 200 OK"
2026-07-12 20:24:46,976 - httpx - INFO - HTTP Request: POST https://api.telegram.org/bot8804049129:AAES6e5ycuTrk4zbQN6punNT-bDBq7Lgj-k/getUpdates "HTTP/1.1 200 OK"
2026-07-12 20:24:57,085 - httpx - INFO - HTTP Request: POST https://api.telegram.org/bot8804049129:AAES6e5ycuTrk4zbQN6punNT-bDBq7Lgj-k/getUpdates "HTTP/1.1 200 OK"
2026-07-12 20:25:07,194 - httpx - INFO - HTTP Request: POST https://api.telegram.org/bot8804049129:AAES6e5ycuTrk4zbQN6punNT-bDBq7Lgj-k/getUpdates "HTTP/1.1 200 OK"
2026-07-12 20:25:17,305 - httpx - INFO - HTTP Request: POST https://api.telegram.org/bot8804049129:AAES6e5ycuTrk4zbQN6punNT-bDBq7Lgj-k/getUpdates "HTTP/1.1 200 OK"
2026-07-12 20:25:27,424 - httpx - INFO - HTTP Request: POST https://api.telegram.org/bot8804049129:AAES6e5ycuTrk4zbQN6punNT-bDBq7Lgj-k/getUpdates "HTTP/1.1 200 OK"
2026-07-12 20:25:37,539 - httpx - INFO - HTTP Request: POST https://api.telegram.org/bot8804049129:AAES6e5ycuTrk4zbQN6punNT-bDBq7Lgj-k/getUpdates "HTTP/1.1 200 OK"
2026-07-12 20:25:47,651 - httpx - INFO - HTTP Request: POST https://api.telegram.org/bot8804049129:AAES6e5ycuTrk4zbQN6punNT-bDBq7Lgj-k/getUpdates "HTTP/1.1 200 OK"
2026-07-12 20:25:57,758 - httpx - INFO - HTTP Request: POST https://api.telegram.org/bot8804049129:AAES6e5ycuTrk4zbQN6punNT-bDBq7Lgj-k/getUpdates "HTTP/1.1 200 OK"
2026-07-12 20:26:07,860 - httpx - INFO - HTTP Request: POST https://api.telegram.org/bot8804049129:AAES6e5ycuTrk4zbQN6punNT-bDBq7Lgj-k/getUpdates "HTTP/1.1 200 OK"
2026-07-12 20:26:17,983 - httpx - INFO - HTTP Request: POST https://api.telegram.org/bot8804049129:AAES6e5ycuTrk4zbQN6punNT-bDBq7Lgj-k/getUpdates "HTTP/1.1 200 OK"
2026-07-12 20:26:28,086 - httpx - INFO - HTTP Request: POST https://api.telegram.org/bot8804049129:AAES6e5ycuTrk4zbQN6punNT-bDBq7Lgj-k/getUpdates "HTTP/1.1 200 OK"
2026-07-12 20:26:38,203 - httpx - INFO - HTTP Request: POST https://api.telegram.org/bot8804049129:AAES6e5ycuTrk4zbQN6punNT-bDBq7Lgj-k/getUpdates "HTTP/1.1 200 OK"
2026-07-12 20:26:48,308 - httpx - INFO - HTTP Request: POST https://api.telegram.org/bot8804049129:AAES6e5ycuTrk4zbQN6punNT-bDBq7Lgj-k/getUpdates "HTTP/1.1 200 OK"
2026-07-12 20:26:58,537 - httpx - INFO - HTTP Request: POST https://api.telegram.org/bot8804049129:AAES6e5ycuTrk4zbQN6punNT-bDBq7Lgj-k/getUpdates "HTTP/1.1 200 OK"
2026-07-12 20:27:08,878 - httpx - INFO - HTTP Request: POST https://api.telegram.org/bot8804049129:AAES6e5ycuTrk4zbQN6punNT-bDBq7Lgj-k/getUpdates "HTTP/1.1 200 OK"
2026-07-12 20:27:18,986 - httpx - INFO - HTTP Request: POST https://api.telegram.org/bot8804049129:AAES6e5ycuTrk4zbQN6punNT-bDBq7Lgj-k/getUpdates "HTTP/1.1 200 OK"
2026-07-12 20:27:29,451 - httpx - INFO - HTTP Request: POST https://api.telegram.org/bot8804049129:AAES6e5ycuTrk4zbQN6punNT-bDBq7Lgj-k/getUpdates "HTTP/1.1 200 OK"
2026-07-12 20:27:39,555 - httpx - INFO - HTTP Request: POST https://api.telegram.org/bot8804049129:AAES6e5ycuTrk4zbQN6punNT-bDBq7Lgj-k/getUpdates "HTTP/1.1 200 OK"
2026-07-12 20:27:50,262 - httpx - INFO - HTTP Request: POST https://api.telegram.org/bot8804049129:AAES6e5ycuTrk4zbQN6punNT-bDBq7Lgj-k/getUpdates "HTTP/1.1 200 OK"
2026-07-12 20:28:00,363 - httpx - INFO - HTTP Request: POST https://api.telegram.org/bot8804049129:AAES6e5ycuTrk4zbQN6punNT-bDBq7Lgj-k/getUpdates "HTTP/1.1 200 OK"
2026-07-12 20:28:10,464 - httpx - INFO - HTTP Request: POST https://api.telegram.org/bot8804049129:AAES6e5ycuTrk4zbQN6punNT-bDBq7Lgj-k/getUpdates "HTTP/1.1 200 OK"
2026-07-12 20:28:20,568 - httpx - INFO - HTTP Request: POST https://api.telegram.org/bot8804049129:AAES6e5ycuTrk4zbQN6punNT-bDBq7Lgj-k/getUpdates "HTTP/1.1 200 OK"
2026-07-12 20:28:30,671 - httpx - INFO - HTTP Request: POST https://api.telegram.org/bot8804049129:AAES6e5ycuTrk4zbQN6punNT-bDBq7Lgj-k/getUpdates "HTTP/1.1 200 OK"
2026-07-12 20:28:40,781 - httpx - INFO - HTTP Request: POST https://api.telegram.org/bot8804049129:AAES6e5ycuTrk4zbQN6punNT-bDBq7Lgj-k/getUpdates "HTTP/1.1 200 OK"
2026-07-12 20:28:50,884 - httpx - INFO - HTTP Request: POST https://api.telegram.org/bot8804049129:AAES6e5ycuTrk4zbQN6punNT-bDBq7Lgj-k/getUpdates "HTTP/1.1 200 OK"
2026-07-12 20:29:00,998 - httpx - INFO - HTTP Request: POST https://api.telegram.org/bot8804049129:AAES6e5ycuTrk4zbQN6punNT-bDBq7Lgj-k/getUpdates "HTTP/1.1 200 OK"
2026-07-12 20:29:11,133 - httpx - INFO - HTTP Request: POST https://api.telegram.org/bot8804049129:AAES6e5ycuTrk4zbQN6punNT-bDBq7Lgj-k/getUpdates "HTTP/1.1 200 OK"
2026-07-12 20:29:21,240 - httpx - INFO - HTTP Request: POST https://api.telegram.org/bot8804049129:AAES6e5ycuTrk4zbQN6punNT-bDBq7Lgj-k/getUpdates "HTTP/1.1 200 OK"
2026-07-12 20:29:31,341 - httpx - INFO - HTTP Request: POST https://api.telegram.org/bot8804049129:AAES6e5ycuTrk4zbQN6punNT-bDBq7Lgj-k/getUpdates "HTTP/1.1 200 OK"
2026-07-12 20:29:41,467 - httpx - INFO - HTTP Request: POST https://api.telegram.org/bot8804049129:AAES6e5ycuTrk4zbQN6punNT-bDBq7Lgj-k/getUpdates "HTTP/1.1 200 OK"
2026-07-12 20:29:51,569 - httpx - INFO - HTTP Request: POST https://api.telegram.org/bot8804049129:AAES6e5ycuTrk4zbQN6punNT-bDBq7Lgj-k/getUpdates "HTTP/1.1 200 OK"
2026-07-12 20:30:01,676 - httpx - INFO - HTTP Request: POST https://api.telegram.org/bot8804049129:AAES6e5ycuTrk4zbQN6punNT-bDBq7Lgj-k/getUpdates "HTTP/1.1 200 OK"
2026-07-12 20:30:12,094 - httpx - INFO - HTTP Request: POST https://api.telegram.org/bot8804049129:AAES6e5ycuTrk4zbQN6punNT-bDBq7Lgj-k/getUpdates "HTTP/1.1 200 OK"
2026-07-12 20:30:22,204 - httpx - INFO - HTTP Request: POST https://api.telegram.org/bot8804049129:AAES6e5ycuTrk4zbQN6punNT-bDBq7Lgj-k/getUpdates "HTTP/1.1 200 OK"
2026-07-12 20:30:32,320 - httpx - INFO - HTTP Request: POST https://api.telegram.org/bot8804049129:AAES6e5ycuTrk4zbQN6punNT-bDBq7Lgj-k/getUpdates "HTTP/1.1 200 OK"
2026-07-12 20:30:42,430 - httpx - INFO - HTTP Request: POST https://api.telegram.org/bot8804049129:AAES6e5ycuTrk4zbQN6punNT-bDBq7Lgj-k/getUpdates "HTTP/1.1 200 OK"
2026-07-12 20:30:53,219 - httpx - INFO - HTTP Request: POST https://api.telegram.org/bot8804049129:AAES6e5ycuTrk4zbQN6punNT-bDBq7Lgj-k/getUpdates "HTTP/1.1 200 OK"
2026-07-12 20:31:03,330 - httpx - INFO - HTTP Request: POST https://api.telegram.org/bot8804049129:AAES6e5ycuTrk4zbQN6punNT-bDBq7Lgj-k/getUpdates "HTTP/1.1 200 OK"
2026-07-12 20:31:13,435 - httpx - INFO - HTTP Request: POST https://api.telegram.org/bot8804049129:AAES6e5ycuTrk4zbQN6punNT-bDBq7Lgj-k/getUpdates "HTTP/1.1 200 OK"
2026-07-12 20:31:23,541 - httpx - INFO - HTTP Request: POST https://api.telegram.org/bot8804049129:AAES6e5ycuTrk4zbQN6punNT-bDBq7Lgj-k/getUpdates "HTTP/1.1 200 OK"
2026-07-12 20:31:33,641 - httpx - INFO - HTTP Request: POST https://api.telegram.org/bot8804049129:AAES6e5ycuTrk4zbQN6punNT-bDBq7Lgj-k/getUpdates "HTTP/1.1 200 OK"
2026-07-12 20:31:43,752 - httpx - INFO - HTTP Request: POST https://api.telegram.org/bot8804049129:AAES6e5ycuTrk4zbQN6punNT-bDBq7Lgj-k/getUpdates "HTTP/1.1 200 OK"
2026-07-12 20:31:53,856 - httpx - INFO - HTTP Request: POST https://api.telegram.org/bot8804049129:AAES6e5ycuTrk4zbQN6punNT-bDBq7Lgj-k/getUpdates "HTTP/1.1 200 OK"
2026-07-12 20:32:03,961 - httpx - INFO - HTTP Request: POST https://api.telegram.org/bot8804049129:AAES6e5ycuTrk4zbQN6punNT-bDBq7Lgj-k/getUpdates "HTTP/1.1 200 OK"
2026-07-12 20:32:14,065 - httpx - INFO - HTTP Request: POST https://api.telegram.org/bot8804049129:AAES6e5ycuTrk4zbQN6punNT-bDBq7Lgj-k/getUpdates "HTTP/1.1 200 OK"
2026-07-12 20:32:24,177 - httpx - INFO - HTTP Request: POST https://api.telegram.org/bot8804049129:AAES6e5ycuTrk4zbQN6punNT-bDBq7Lgj-k/getUpdates "HTTP/1.1 200 OK"
2026-07-12 20:32:34,288 - httpx - INFO - HTTP Request: POST https://api.telegram.org/bot8804049129:AAES6e5ycuTrk4zbQN6punNT-bDBq7Lgj-k/getUpdates "HTTP/1.1 200 OK"
2026-07-12 20:32:44,392 - httpx - INFO - HTTP Request: POST https://api.telegram.org/bot8804049129:AAES6e5ycuTrk4zbQN6punNT-bDBq7Lgj-k/getUpdates "HTTP/1.1 200 OK"
2026-07-12 20:32:54,512 - httpx - INFO - HTTP Request: POST https://api.telegram.org/bot8804049129:AAES6e5ycuTrk4zbQN6punNT-bDBq7Lgj-k/getUpdates "HTTP/1.1 200 OK"
2026-07-12 20:33:04,611 - httpx - INFO - HTTP Request: POST https://api.telegram.org/bot8804049129:AAES6e5ycuTrk4zbQN6punNT-bDBq7Lgj-k/getUpdates "HTTP/1.1 200 OK"
2026-07-12 20:33:15,265 - httpx - INFO - HTTP Request: POST https://api.telegram.org/bot8804049129:AAES6e5ycuTrk4zbQN6punNT-bDBq7Lgj-k/getUpdates "HTTP/1.1 200 OK"
2026-07-12 20:33:25,398 - httpx - INFO - HTTP Request: POST https://api.telegram.org/bot8804049129:AAES6e5ycuTrk4zbQN6punNT-bDBq7Lgj-k/getUpdates "HTTP/1.1 200 OK"
2026-07-12 20:33:35,512 - httpx - INFO - HTTP Request: POST https://api.telegram.org/bot8804049129:AAES6e5ycuTrk4zbQN6punNT-bDBq7Lgj-k/getUpdates "HTTP/1.1 200 OK"
2026-07-12 20:33:45,616 - httpx - INFO - HTTP Request: POST https://api.telegram.org/bot8804049129:AAES6e5ycuTrk4zbQN6punNT-bDBq7Lgj-k/getUpdates "HTTP/1.1 200 OK"
2026-07-12 20:33:55,723 - httpx - INFO - HTTP Request: POST https://api.telegram.org/bot8804049129:AAES6e5ycuTrk4zbQN6punNT-bDBq7Lgj-k/getUpdates "HTTP/1.1 200 OK"
2026-07-12 20:34:05,851 - httpx - INFO - HTTP Request: POST https://api.telegram.org/bot8804049129:AAES6e5ycuTrk4zbQN6punNT-bDBq7Lgj-k/getUpdates "HTTP/1.1 200 OK"
2026-07-12 20:34:15,958 - httpx - INFO - HTTP Request: POST https://api.telegram.org/bot8804049129:AAES6e5ycuTrk4zbQN6punNT-bDBq7Lgj-k/getUpdates "HTTP/1.1 200 OK"
2026-07-12 20:34:26,059 - httpx - INFO - HTTP Request: POST https://api.telegram.org/bot8804049129:AAES6e5ycuTrk4zbQN6punNT-bDBq7Lgj-k/getUpdates "HTTP/1.1 200 OK"
2026-07-12 20:34:36,165 - httpx - INFO - HTTP Request: POST https://api.telegram.org/bot8804049129:AAES6e5ycuTrk4zbQN6punNT-bDBq7Lgj-k/getUpdates "HTTP/1.1 200 OK"
2026-07-12 20:34:46,306 - httpx - INFO - HTTP Request: POST https://api.telegram.org/bot8804049129:AAES6e5ycuTrk4zbQN6punNT-bDBq7Lgj-k/getUpdates "HTTP/1.1 200 OK"
2026-07-12 20:34:56,410 - httpx - INFO - HTTP Request: POST https://api.telegram.org/bot8804049129:AAES6e5ycuTrk4zbQN6punNT-bDBq7Lgj-k/getUpdates "HTTP/1.1 200 OK"
2026-07-12 20:35:06,515 - httpx - INFO - HTTP Request: POST https://api.telegram.org/bot8804049129:AAES6e5ycuTrk4zbQN6punNT-bDBq7Lgj-k/getUpdates "HTTP/1.1 200 OK"
2026-07-12 20:35:16,616 - httpx - INFO - HTTP Request: POST https://api.telegram.org/bot8804049129:AAES6e5ycuTrk4zbQN6punNT-bDBq7Lgj-k/getUpdates "HTTP/1.1 200 OK"
2026-07-12 20:35:26,720 - httpx - INFO - HTTP Request: POST https://api.telegram.org/bot8804049129:AAES6e5ycuTrk4zbQN6punNT-bDBq7Lgj-k/getUpdates "HTTP/1.1 200 OK"
2026-07-12 20:35:36,820 - httpx - INFO - HTTP Request: POST https://api.telegram.org/bot8804049129:AAES6e5ycuTrk4zbQN6punNT-bDBq7Lgj-k/getUpdates "HTTP/1.1 200 OK"
2026-07-12 20:35:47,000 - httpx - INFO - HTTP Request: POST https://api.telegram.org/bot8804049129:AAES6e5ycuTrk4zbQN6punNT-bDBq7Lgj-k/getUpdates "HTTP/1.1 200 OK"
2026-07-12 20:35:57,126 - httpx - INFO - HTTP Request: POST https://api.telegram.org/bot8804049129:AAES6e5ycuTrk4zbQN6punNT-bDBq7Lgj-k/getUpdates "HTTP/1.1 200 OK"
2026-07-12 20:36:07,236 - httpx - INFO - HTTP Request: POST https://api.telegram.org/bot8804049129:AAES6e5ycuTrk4zbQN6punNT-bDBq7Lgj-k/getUpdates "HTTP/1.1 200 OK"
2026-07-12 20:36:17,351 - httpx - INFO - HTTP Request: POST https://api.telegram.org/bot8804049129:AAES6e5ycuTrk4zbQN6punNT-bDBq7Lgj-k/getUpdates "HTTP/1.1 200 OK"
2026-07-12 20:36:27,465 - httpx - INFO - HTTP Request: POST https://api.telegram.org/bot8804049129:AAES6e5ycuTrk4zbQN6punNT-bDBq7Lgj-k/getUpdates "HTTP/1.1 200 OK"
2026-07-12 20:36:37,582 - httpx - INFO - HTTP Request: POST https://api.telegram.org/bot8804049129:AAES6e5ycuTrk4zbQN6punNT-bDBq7Lgj-k/getUpdates "HTTP/1.1 200 OK"
2026-07-12 20:36:47,696 - httpx - INFO - HTTP Request: POST https://api.telegram.org/bot8804049129:AAES6e5ycuTrk4zbQN6punNT-bDBq7Lgj-k/getUpdates "HTTP/1.1 200 OK"
2026-07-12 20:36:57,852 - httpx - INFO - HTTP Request: POST https://api.telegram.org/bot8804049129:AAES6e5ycuTrk4zbQN6punNT-bDBq7Lgj-k/getUpdates "HTTP/1.1 200 OK"
2026-07-12 20:37:07,958 - httpx - INFO - HTTP Request: POST https://api.telegram.org/bot8804049129:AAES6e5ycuTrk4zbQN6punNT-bDBq7Lgj-k/getUpdates "HTTP/1.1 200 OK"
2026-07-12 20:37:18,065 - httpx - INFO - HTTP Request: POST https://api.telegram.org/bot8804049129:AAES6e5ycuTrk4zbQN6punNT-bDBq7Lgj-k/getUpdates "HTTP/1.1 200 OK"
2026-07-12 20:37:28,178 - httpx - INFO - HTTP Request: POST https://api.telegram.org/bot8804049129:AAES6e5ycuTrk4zbQN6punNT-bDBq7Lgj-k/getUpdates "HTTP/1.1 200 OK"
2026-07-12 20:37:38,285 - httpx - INFO - HTTP Request: POST https://api.telegram.org/bot8804049129:AAES6e5ycuTrk4zbQN6punNT-bDBq7Lgj-k/getUpdates "HTTP/1.1 200 OK"
2026-07-12 20:37:48,401 - httpx - INFO - HTTP Request: POST https://api.telegram.org/bot8804049129:AAES6e5ycuTrk4zbQN6punNT-bDBq7Lgj-k/getUpdates "HTTP/1.1 200 OK"
2026-07-12 20:37:58,503 - httpx - INFO - HTTP Request: POST https://api.telegram.org/bot8804049129:AAES6e5ycuTrk4zbQN6punNT-bDBq7Lgj-k/getUpdates "HTTP/1.1 200 OK"
2026-07-12 20:38:08,609 - httpx - INFO - HTTP Request: POST https://api.telegram.org/bot8804049129:AAES6e5ycuTrk4zbQN6punNT-bDBq7Lgj-k/getUpdates "HTTP/1.1 200 OK"
2026-07-12 20:38:18,714 - httpx - INFO - HTTP Request: POST https://api.telegram.org/bot8804049129:AAES6e5ycuTrk4zbQN6punNT-bDBq7Lgj-k/getUpdates "HTTP/1.1 200 OK"
2026-07-12 20:38:28,819 - httpx - INFO - HTTP Request: POST https://api.telegram.org/bot8804049129:AAES6e5ycuTrk4zbQN6punNT-bDBq7Lgj-k/getUpdates "HTTP/1.1 200 OK"
2026-07-12 20:38:38,919 - httpx - INFO - HTTP Request: POST https://api.telegram.org/bot8804049129:AAES6e5ycuTrk4zbQN6punNT-bDBq7Lgj-k/getUpdates "HTTP/1.1 200 OK"
2026-07-12 20:38:49,026 - httpx - INFO - HTTP Request: POST https://api.telegram.org/bot8804049129:AAES6e5ycuTrk4zbQN6punNT-bDBq7Lgj-k/getUpdates "HTTP/1.1 200 OK"
2026-07-12 20:38:59,135 - httpx - INFO - HTTP Request: POST https://api.telegram.org/bot8804049129:AAES6e5ycuTrk4zbQN6punNT-bDBq7Lgj-k/getUpdates "HTTP/1.1 200 OK"
2026-07-12 20:39:09,250 - httpx - INFO - HTTP Request: POST https://api.telegram.org/bot8804049129:AAES6e5ycuTrk4zbQN6punNT-bDBq7Lgj-k/getUpdates "HTTP/1.1 200 OK"
2026-07-12 20:39:19,356 - httpx - INFO - HTTP Request: POST https://api.telegram.org/bot8804049129:AAES6e5ycuTrk4zbQN6punNT-bDBq7Lgj-k/getUpdates "HTTP/1.1 200 OK"
2026-07-12 20:39:29,460 - httpx - INFO - HTTP Request: POST https://api.telegram.org/bot8804049129:AAES6e5ycuTrk4zbQN6punNT-bDBq7Lgj-k/getUpdates "HTTP/1.1 200 OK"
2026-07-12 20:39:39,581 - httpx - INFO - HTTP Request: POST https://api.telegram.org/bot8804049129:AAES6e5ycuTrk4zbQN6punNT-bDBq7Lgj-k/getUpdates "HTTP/1.1 200 OK"
2026-07-12 20:39:49,699 - httpx - INFO - HTTP Request: POST https://api.telegram.org/bot8804049129:AAES6e5ycuTrk4zbQN6punNT-bDBq7Lgj-k/getUpdates "HTTP/1.1 200 OK"
2026-07-12 20:39:59,805 - httpx - INFO - HTTP Request: POST https://api.telegram.org/bot8804049129:AAES6e5ycuTrk4zbQN6punNT-bDBq7Lgj-k/getUpdates "HTTP/1.1 200 OK"
2026-07-12 20:40:09,904 - httpx - INFO - HTTP Request: POST https://api.telegram.org/bot8804049129:AAES6e5ycuTrk4zbQN6punNT-bDBq7Lgj-k/getUpdates "HTTP/1.1 200 OK"
2026-07-12 20:40:20,012 - httpx - INFO - HTTP Request: POST https://api.telegram.org/bot8804049129:AAES6e5ycuTrk4zbQN6punNT-bDBq7Lgj-k/getUpdates "HTTP/1.1 200 OK"
2026-07-12 20:40:30,126 - httpx - INFO - HTTP Request: POST https://api.telegram.org/bot8804049129:AAES6e5ycuTrk4zbQN6punNT-bDBq7Lgj-k/getUpdates "HTTP/1.1 200 OK"
2026-07-12 20:40:40,246 - httpx - INFO - HTTP Request: POST https://api.telegram.org/bot8804049129:AAES6e5ycuTrk4zbQN6punNT-bDBq7Lgj-k/getUpdates "HTTP/1.1 200 OK"
2026-07-12 20:40:50,778 - httpx - INFO - HTTP Request: POST https://api.telegram.org/bot8804049129:AAES6e5ycuTrk4zbQN6punNT-bDBq7Lgj-k/getUpdates "HTTP/1.1 200 OK"
2026-07-12 20:41:00,885 - httpx - INFO - HTTP Request: POST https://api.telegram.org/bot8804049129:AAES6e5ycuTrk4zbQN6punNT-bDBq7Lgj-k/getUpdates "HTTP/1.1 200 OK"
2026-07-12 20:41:10,994 - httpx - INFO - HTTP Request: POST https://api.telegram.org/bot8804049129:AAES6e5ycuTrk4zbQN6punNT-bDBq7Lgj-k/getUpdates "HTTP/1.1 200 OK"
2026-07-12 20:41:21,098 - httpx - INFO - HTTP Request: POST https://api.telegram.org/bot8804049129:AAES6e5ycuTrk4zbQN6punNT-bDBq7Lgj-k/getUpdates "HTTP/1.1 200 OK"
2026-07-12 20:41:31,208 - httpx - INFO - HTTP Request: POST https://api.telegram.org/bot8804049129:AAES6e5ycuTrk4zbQN6punNT-bDBq7Lgj-k/getUpdates "HTTP/1.1 200 OK"
2026-07-12 20:41:41,316 - httpx - INFO - HTTP Request: POST https://api.telegram.org/bot8804049129:AAES6e5ycuTrk4zbQN6punNT-bDBq7Lgj-k/getUpdates "HTTP/1.1 200 OK"
2026-07-12 20:41:51,424 - httpx - INFO - HTTP Request: POST https://api.telegram.org/bot8804049129:AAES6e5ycuTrk4zbQN6punNT-bDBq7Lgj-k/getUpdates "HTTP/1.1 200 OK"
2026-07-12 20:42:01,536 - httpx - INFO - HTTP Request: POST https://api.telegram.org/bot8804049129:AAES6e5ycuTrk4zbQN6punNT-bDBq7Lgj-k/getUpdates "HTTP/1.1 200 OK"
2026-07-12 20:42:11,643 - httpx - INFO - HTTP Request: POST https://api.telegram.org/bot8804049129:AAES6e5ycuTrk4zbQN6punNT-bDBq7Lgj-k/getUpdates "HTTP/1.1 200 OK"
2026-07-12 20:42:21,751 - httpx - INFO - HTTP Request: POST https://api.telegram.org/bot8804049129:AAES6e5ycuTrk4zbQN6punNT-bDBq7Lgj-k/getUpdates "HTTP/1.1 200 OK"
2026-07-12 20:42:31,858 - httpx - INFO - HTTP Request: POST https://api.telegram.org/bot8804049129:AAES6e5ycuTrk4zbQN6punNT-bDBq7Lgj-k/getUpdates "HTTP/1.1 200 OK"
2026-07-12 20:42:41,979 - httpx - INFO - HTTP Request: POST https://api.telegram.org/bot8804049129:AAES6e5ycuTrk4zbQN6punNT-bDBq7Lgj-k/getUpdates "HTTP/1.1 200 OK"
2026-07-12 20:42:52,087 - httpx - INFO - HTTP Request: POST https://api.telegram.org/bot8804049129:AAES6e5ycuTrk4zbQN6punNT-bDBq7Lgj-k/getUpdates "HTTP/1.1 200 OK"
2026-07-12 20:43:02,193 - httpx - INFO - HTTP Request: POST https://api.telegram.org/bot8804049129:AAES6e5ycuTrk4zbQN6punNT-bDBq7Lgj-k/getUpdates "HTTP/1.1 200 OK"
2026-07-12 20:43:12,297 - httpx - INFO - HTTP Request: POST https://api.telegram.org/bot8804049129:AAES6e5ycuTrk4zbQN6punNT-bDBq7Lgj-k/getUpdates "HTTP/1.1 200 OK"
2026-07-12 20:43:22,411 - httpx - INFO - HTTP Request: POST https://api.telegram.org/bot8804049129:AAES6e5ycuTrk4zbQN6punNT-bDBq7Lgj-k/getUpdates "HTTP/1.1 200 OK"
2026-07-12 20:43:32,522 - httpx - INFO - HTTP Request: POST https://api.telegram.org/bot8804049129:AAES6e5ycuTrk4zbQN6punNT-bDBq7Lgj-k/getUpdates "HTTP/1.1 200 OK"
2026-07-12 20:43:42,623 - httpx - INFO - HTTP Request: POST https://api.telegram.org/bot8804049129:AAES6e5ycuTrk4zbQN6punNT-bDBq7Lgj-k/getUpdates "HTTP/1.1 200 OK"
2026-07-12 20:43:52,736 - httpx - INFO - HTTP Request: POST https://api.telegram.org/bot8804049129:AAES6e5ycuTrk4zbQN6punNT-bDBq7Lgj-k/getUpdates "HTTP/1.1 200 OK"
2026-07-12 20:44:02,843 - httpx - INFO - HTTP Request: POST https://api.telegram.org/bot8804049129:AAES6e5ycuTrk4zbQN6punNT-bDBq7Lgj-k/getUpdates "HTTP/1.1 200 OK"
2026-07-12 20:44:12,988 - httpx - INFO - HTTP Request: POST https://api.telegram.org/bot8804049129:AAES6e5ycuTrk4zbQN6punNT-bDBq7Lgj-k/getUpdates "HTTP/1.1 200 OK"
2026-07-12 20:44:23,134 - httpx - INFO - HTTP Request: POST https://api.telegram.org/bot8804049129:AAES6e5ycuTrk4zbQN6punNT-bDBq7Lgj-k/getUpdates "HTTP/1.1 200 OK"
2026-07-12 20:44:33,239 - httpx - INFO - HTTP Request: POST https://api.telegram.org/bot8804049129:AAES6e5ycuTrk4zbQN6punNT-bDBq7Lgj-k/getUpdates "HTTP/1.1 200 OK"
2026-07-12 20:44:43,359 - httpx - INFO - HTTP Request: POST https://api.telegram.org/bot8804049129:AAES6e5ycuTrk4zbQN6punNT-bDBq7Lgj-k/getUpdates "HTTP/1.1 200 OK"
2026-07-12 20:44:53,467 - httpx - INFO - HTTP Request: POST https://api.telegram.org/bot8804049129:AAES6e5ycuTrk4zbQN6punNT-bDBq7Lgj-k/getUpdates "HTTP/1.1 200 OK"
2026-07-12 20:45:03,572 - httpx - INFO - HTTP Request: POST https://api.telegram.org/bot8804049129:AAES6e5ycuTrk4zbQN6punNT-bDBq7Lgj-k/getUpdates "HTTP/1.1 200 OK"
2026-07-12 20:45:13,684 - httpx - INFO - HTTP Request: POST https://api.telegram.org/bot8804049129:AAES6e5ycuTrk4zbQN6punNT-bDBq7Lgj-k/getUpdates "HTTP/1.1 200 OK"
2026-07-12 20:45:23,785 - httpx - INFO - HTTP Request: POST https://api.telegram.org/bot8804049129:AAES6e5ycuTrk4zbQN6punNT-bDBq7Lgj-k/getUpdates "HTTP/1.1 200 OK"
2026-07-12 20:45:33,884 - httpx - INFO - HTTP Request: POST https://api.telegram.org/bot8804049129:AAES6e5ycuTrk4zbQN6punNT-bDBq7Lgj-k/getUpdates "HTTP/1.1 200 OK"
2026-07-12 20:45:43,987 - httpx - INFO - HTTP Request: POST https://api.telegram.org/bot8804049129:AAES6e5ycuTrk4zbQN6punNT-bDBq7Lgj-k/getUpdates "HTTP/1.1 200 OK"
